[themegenix.net/html/bemet/index.html]
[backblue.gif]
[fade.gif]
[index.html]
[themegenix.net/html/bemet/assets/img/favicon.png]
[themegenix.net/html/bemet/assets/css/bootstrap.min.css]
[themegenix.net/html/bemet/assets/css/animate.min.css]
[themegenix.net/html/bemet/assets/css/magnific-popup.css]
[themegenix.net/html/bemet/assets/css/fontawesome-all.min.css]
[themegenix.net/html/bemet/assets/css/flaticon.css]
[themegenix.net/html/bemet/assets/css/odometer.css]
[themegenix.net/html/bemet/assets/css/jquery-ui.css]
[themegenix.net/html/bemet/assets/css/slick.css]
[themegenix.net/html/bemet/assets/css/default.css]
[themegenix.net/html/bemet/assets/css/style.css]
[themegenix.net/html/bemet/assets/css/responsive.css]
[themegenix.net/html/bemet/contact.html]
[themegenix.net/html/bemet/assets/img/logo/logo.png]
[themegenix.net/html/bemet/index-2.html]
[themegenix.net/html/bemet/index-3.html]
[themegenix.net/html/bemet/about.html]
[themegenix.net/html/bemet/shop.html]
[themegenix.net/html/bemet/shop-2.html]
[themegenix.net/html/bemet/shop-details.html]
[themegenix.net/html/bemet/blog.html]
[themegenix.net/html/bemet/blog-details.html]
[themegenix.net/html/bemet/services.html]
[themegenix.net/html/bemet/services-details.html]
[themegenix.net/html/bemet/team-details.html]
[themegenix.net/html/bemet/assets/img/bg/area_bg.jpg]
[themegenix.net/html/bemet/assets/img/banner/banner_bg.png]
[themegenix.net/html/bemet/assets/img/banner/banner_img.png]
[themegenix.net/html/bemet/assets/img/banner/banner_shape01.png]
[themegenix.net/html/bemet/assets/img/banner/banner_shape02.png]
[themegenix.net/html/bemet/assets/img/banner/banner_shape03.png]
[themegenix.net/html/bemet/assets/img/banner/banner_shape04.png]
[themegenix.net/html/bemet/assets/img/images/features_img01.png]
[themegenix.net/html/bemet/assets/img/images/features_shape.png]
[themegenix.net/html/bemet/assets/img/images/features_overlay.png]
[themegenix.net/html/bemet/assets/img/images/features_img02.png]
[themegenix.net/html/bemet/assets/img/bg/product_bg01.jpg]
[themegenix.net/html/bemet/assets/img/images/title_shape.png]
[themegenix.net/html/bemet/assets/img/product/product_img01.png]
[themegenix.net/html/bemet/assets/img/images/line.png]
[themegenix.net/html/bemet/assets/img/product/product_img02.png]
[themegenix.net/html/bemet/assets/img/product/product_img03.png]
[themegenix.net/html/bemet/assets/img/product/product_shape01.png]
[themegenix.net/html/bemet/assets/img/gallery/gallery_img01.png]
[themegenix.net/html/bemet/assets/img/gallery/gallery_img02.png]
[themegenix.net/html/bemet/assets/img/gallery/gallery_img03.png]
[themegenix.net/html/bemet/assets/img/bg/product_bg02.jpg]
[themegenix.net/html/bemet/assets/img/product/organic_product01.png]
[themegenix.net/html/bemet/assets/img/product/organic_product02.png]
[themegenix.net/html/bemet/assets/img/product/organic_product03.png]
[themegenix.net/html/bemet/assets/img/product/organic_product04.png]
[themegenix.net/html/bemet/assets/img/bg/team_bg.jpg]
[themegenix.net/html/bemet/assets/img/team/team_img01.jpg]
[themegenix.net/html/bemet/assets/img/team/team_img02.jpg]
[themegenix.net/html/bemet/assets/img/team/team_img03.jpg]
[themegenix.net/html/bemet/assets/img/bg/faq_bg.jpg]
[themegenix.net/html/bemet/assets/img/images/faq_img01.png]
[themegenix.net/html/bemet/assets/img/images/faq_img02.png]
[themegenix.net/html/bemet/assets/img/images/faq_img03.png]
[themegenix.net/html/bemet/assets/img/images/faq_shape01.png]
[themegenix.net/html/bemet/assets/img/images/faq_shape02.png]
[themegenix.net/html/bemet/assets/img/bg/cta_bg.jpg]
[themegenix.net/html/bemet/assets/img/icons/cta_icon.png]
[themegenix.net/html/bemet/assets/img/blog/blog_post01.jpg]
[themegenix.net/html/bemet/assets/img/blog/blog_post02.jpg]
[themegenix.net/html/bemet/assets/img/blog/blog_post03.jpg]
[themegenix.net/html/bemet/assets/img/logo/w_logo.png]
[themegenix.net/html/bemet/assets/img/images/footer_insta01.jpg]
[themegenix.net/html/bemet/assets/img/images/footer_insta02.jpg]
[themegenix.net/html/bemet/assets/img/images/footer_insta03.jpg]
[themegenix.net/html/bemet/assets/img/images/footer_insta04.jpg]
[themegenix.net/html/bemet/assets/img/images/footer_insta05.jpg]
[themegenix.net/html/bemet/assets/img/images/footer_insta06.jpg]
[themegenix.net/html/bemet/assets/img/images/footer_insta07.jpg]
[themegenix.net/html/bemet/assets/img/images/footer_insta08.jpg]
[themegenix.net/html/bemet/assets/img/images/card.png]
[themegenix.net/html/bemet/assets/js/vendor/jquery-3.6.0.min.js]
[themegenix.net/html/bemet/assets/js/bootstrap.min.js]
[themegenix.net/html/bemet/assets/js/imagesloaded.pkgd.min.js]
[themegenix.net/html/bemet/assets/js/jquery.countdown.min.js]
[themegenix.net/html/bemet/assets/js/jquery.magnific-popup.min.js]
[themegenix.net/html/bemet/assets/js/jquery.odometer.min.js]
[themegenix.net/html/bemet/assets/js/jquery.appear.js]
[themegenix.net/html/bemet/assets/js/tween-max.min.js]
[themegenix.net/html/bemet/assets/js/slick.min.js]
[themegenix.net/html/bemet/assets/js/slick-animation.min.js]
[themegenix.net/html/bemet/assets/js/jquery-ui.min.js]
[themegenix.net/html/bemet/assets/js/ajax-form.js]
[themegenix.net/html/bemet/assets/js/wow.min.js]
[themegenix.net/html/bemet/index.html]
[themegenix.net/html/bemet/assets/css/bootstrap.min.css]
[themegenix.net/html/bemet/assets/css/animate.min.css]
[themegenix.net/html/bemet/assets/css/magnific-popup.css]
[themegenix.net/html/bemet/assets/js/main.js]
[themegenix.net/html/bemet/assets/fonts/fa-brands-400.eot]
[themegenix.net/html/bemet/assets/fonts/fa-brands-400d41d.eot]
[themegenix.net/html/bemet/assets/fonts/fa-brands-400.woff2]
[themegenix.net/html/bemet/assets/fonts/fa-brands-400.woff]
[themegenix.net/html/bemet/assets/fonts/fa-brands-400.ttf]
[themegenix.net/html/bemet/assets/fonts/fa-brands-400.svg]
[themegenix.net/html/bemet/assets/fonts/fa-regular-400.eot]
[themegenix.net/html/bemet/assets/fonts/fa-regular-400d41d.eot]
[themegenix.net/html/bemet/assets/fonts/fa-regular-400.woff2]
[themegenix.net/html/bemet/assets/fonts/fa-regular-400.woff]
[themegenix.net/html/bemet/assets/fonts/fa-regular-400.ttf]
[themegenix.net/html/bemet/assets/fonts/fa-regular-400.svg]
[themegenix.net/html/bemet/assets/fonts/fa-solid-900.eot]
[themegenix.net/html/bemet/assets/fonts/fa-solid-900d41d.eot]
[themegenix.net/html/bemet/assets/fonts/fa-solid-900.woff2]
[themegenix.net/html/bemet/assets/fonts/fa-solid-900.woff]
[themegenix.net/html/bemet/assets/fonts/fa-solid-900.ttf]
[themegenix.net/html/bemet/assets/css/fontawesome-all.min.css]
[themegenix.net/html/bemet/assets/fonts/fa-solid-900.svg]
[themegenix.net/html/bemet/assets/fonts/flaticon.eot]
[themegenix.net/html/bemet/assets/fonts/flaticond41d.eot]
[themegenix.net/html/bemet/assets/fonts/flaticon.woff2]
[themegenix.net/html/bemet/assets/fonts/flaticon.woff]
[themegenix.net/html/bemet/assets/fonts/flaticon.ttf]
[themegenix.net/html/bemet/assets/css/flaticon.css]
[themegenix.net/html/bemet/assets/css/odometer.css]
[themegenix.net/html/bemet/assets/css/jquery-ui.css]
[themegenix.net/html/bemet/assets/css/slick.css]
[themegenix.net/html/bemet/assets/css/default.css]
[themegenix.net/html/bemet/assets/fonts/flaticon.svg]
[themegenix.net/html/bemet/assets/img/icons/cross-out.png]
[themegenix.net/html/bemet/assets/css/style.css]
[themegenix.net/html/bemet/assets/css/responsive.css]
[themegenix.net/html/bemet/assets/img/bg/breadcrumb_bg.jpg]
[themegenix.net/html/bemet/assets/img/bg/contact_info_bg.jpg]
[themegenix.net/html/bemet/contact.html]
[themegenix.net/html/bemet/assets/img/slider/slider_bg01.jpg]
[themegenix.net/html/bemet/assets/img/icons/slider_icon.png]
[themegenix.net/html/bemet/assets/img/slider/slider_bg02.jpg]
[themegenix.net/html/bemet/assets/img/icons/cat_icon01.png]
[themegenix.net/html/bemet/assets/img/icons/cat_icon02.png]
[themegenix.net/html/bemet/assets/img/icons/cat_icon03.png]
[themegenix.net/html/bemet/assets/img/icons/cat_icon04.png]
[themegenix.net/html/bemet/assets/img/images/about_shape01.png]
[themegenix.net/html/bemet/assets/img/images/about_shape02.png]
[themegenix.net/html/bemet/assets/img/bg/choose_bg.jpg]
[themegenix.net/html/bemet/assets/img/images/choose_bg_shape.png]
[themegenix.net/html/bemet/assets/img/images/choose_img.png]
[themegenix.net/html/bemet/assets/img/bg/h2_product_bg.jpg]
[themegenix.net/html/bemet/assets/img/product/h2_product01.png]
[themegenix.net/html/bemet/assets/img/product/h2_product02.png]
[themegenix.net/html/bemet/assets/img/product/h2_product03.png]
[themegenix.net/html/bemet/assets/img/product/h2_product04.png]
[themegenix.net/html/bemet/index-2.html]
[themegenix.net/html/bemet/assets/img/banner/h3_banner_bg.jpg]
[themegenix.net/html/bemet/assets/img/banner/h3_banner_icon.png]
[themegenix.net/html/bemet/assets/img/banner/h3_banner_img.png]
[themegenix.net/html/bemet/assets/img/banner/h3_banner_shape01.png]
[themegenix.net/html/bemet/assets/img/banner/h3_banner_shape02.png]
[themegenix.net/html/bemet/assets/img/banner/h3_banner_shape03.png]
[themegenix.net/html/bemet/assets/img/banner/h3_banner_shape04.png]
[themegenix.net/html/bemet/assets/img/bg/category_bg.png]
[themegenix.net/html/bemet/assets/img/icons/cat_icon05.png]
[themegenix.net/html/bemet/assets/img/images/h3_about_img01.png]
[themegenix.net/html/bemet/assets/img/images/h3_about_img02.png]
[themegenix.net/html/bemet/assets/img/images/h3_about_img03.png]
[themegenix.net/html/bemet/assets/img/icons/about_icon.png]
[themegenix.net/html/bemet/assets/img/bg/h3_product_bg.jpg]
[themegenix.net/html/bemet/assets/img/images/h3_product_bg_shape.png]
[themegenix.net/html/bemet/assets/img/product/h3_product01.png]
[themegenix.net/html/bemet/assets/img/product/h3_product02.png]
[themegenix.net/html/bemet/assets/img/product/h3_product03.png]
[themegenix.net/html/bemet/assets/img/product/h3_product04.png]
[themegenix.net/html/bemet/assets/img/product/h3_product05.png]
[themegenix.net/html/bemet/assets/img/product/h3_product06.png]
[themegenix.net/html/bemet/assets/img/product/h3_product07.png]
[themegenix.net/html/bemet/assets/img/product/h3_product_shape_img01.png]
[themegenix.net/html/bemet/assets/img/product/h3_product_shape_img02.png]
[themegenix.net/html/bemet/assets/img/product/h3_product_shape_img03.png]
[themegenix.net/html/bemet/assets/img/bg/h3_product_bg02.jpg]
[themegenix.net/html/bemet/assets/img/product/premium_product_img01.png]
[themegenix.net/html/bemet/assets/img/product/premium_product_img02.png]
[themegenix.net/html/bemet/assets/img/product/h3_organic_product01.png]
[themegenix.net/html/bemet/assets/img/product/h3_organic_product02.png]
[themegenix.net/html/bemet/assets/img/product/h3_organic_product03.png]
[themegenix.net/html/bemet/assets/img/product/h3_organic_product04.png]
[themegenix.net/html/bemet/assets/img/bg/testimonial_bg.jpg]
[themegenix.net/html/bemet/assets/img/images/testi_avatar.png]
[themegenix.net/html/bemet/index-3.html]
[themegenix.net/html/bemet/about.html]
[themegenix.net/html/bemet/assets/img/bg/shop_bg.jpg]
[themegenix.net/html/bemet/assets/img/product/inner_product01.png]
[themegenix.net/html/bemet/assets/img/product/inner_product02.png]
[themegenix.net/html/bemet/assets/img/product/inner_product03.png]
[themegenix.net/html/bemet/assets/img/product/inner_product04.png]
[themegenix.net/html/bemet/assets/img/product/inner_product05.png]
[themegenix.net/html/bemet/assets/img/product/inner_product06.png]
[themegenix.net/html/bemet/assets/img/product/inner_product07.png]
[themegenix.net/html/bemet/assets/img/product/inner_product08.png]
[themegenix.net/html/bemet/assets/img/product/inner_product09.png]
[themegenix.net/html/bemet/assets/img/product/lp_img01.jpg]
[themegenix.net/html/bemet/assets/img/product/lp_img02.jpg]
[themegenix.net/html/bemet/assets/img/product/lp_img03.jpg]
[themegenix.net/html/bemet/assets/img/product/s_insta_img01.jpg]
[themegenix.net/html/bemet/assets/img/product/s_insta_img02.jpg]
[themegenix.net/html/bemet/assets/img/product/s_insta_img03.jpg]
[themegenix.net/html/bemet/assets/img/product/s_insta_img04.jpg]
[themegenix.net/html/bemet/shop.html]
[themegenix.net/html/bemet/assets/img/product/inner_product10.png]
[themegenix.net/html/bemet/assets/img/product/inner_product11.png]
[themegenix.net/html/bemet/assets/img/product/inner_product12.png]
[themegenix.net/html/bemet/shop-2.html]
[themegenix.net/html/bemet/assets/img/product/shop_details01.jpg]
[themegenix.net/html/bemet/assets/img/product/shop_details02.jpg]
[themegenix.net/html/bemet/assets/img/product/shop_details03.jpg]
[themegenix.net/html/bemet/assets/img/product/shop_nav_img01.jpg]
[themegenix.net/html/bemet/assets/img/product/shop_nav_img02.jpg]
[themegenix.net/html/bemet/assets/img/product/shop_nav_img03.jpg]
[themegenix.net/html/bemet/assets/img/product/payment_method.png]
[themegenix.net/html/bemet/shop-details.html]
[themegenix.net/html/bemet/assets/img/bg/blog_bg.jpg]
[themegenix.net/html/bemet/assets/img/blog/blog_img01.jpg]
[themegenix.net/html/bemet/assets/img/blog/blog_img02.jpg]
[themegenix.net/html/bemet/assets/img/blog/blog_img03.jpg]
[themegenix.net/html/bemet/assets/img/blog/rc_post_img01.jpg]
[themegenix.net/html/bemet/assets/img/blog/rc_post_img02.jpg]
[themegenix.net/html/bemet/assets/img/blog/rc_post_img03.jpg]
[themegenix.net/html/bemet/assets/img/blog/add_banner.jpg]
[themegenix.net/html/bemet/blog.html]
[themegenix.net/html/bemet/assets/img/images/sd_img02.jpg]
[themegenix.net/html/bemet/assets/img/blog/avatar_img.png]
[themegenix.net/html/bemet/assets/img/blog/comment_avatar01.png]
[themegenix.net/html/bemet/assets/img/blog/comment_avatar02.png]
[themegenix.net/html/bemet/blog-details.html]
[themegenix.net/html/bemet/assets/img/bg/services_bg.jpg]
[themegenix.net/html/bemet/services.html]
[themegenix.net/html/bemet/assets/img/images/sd_img.jpg]
[themegenix.net/html/bemet/services-details.html]
[themegenix.net/html/bemet/assets/img/bg/team_info_bg.jpg]
[themegenix.net/html/bemet/assets/img/team/team_info_thumb.png]
[themegenix.net/html/bemet/assets/img/icons/member_icon.png]
[themegenix.net/html/bemet/team-details.html]
[themegenix.net/html/bemet/assets/js/vendor/jquery-3.6.0.min.js]
[themegenix.net/html/bemet/assets/js/bootstrap.min.js]
[themegenix.net/html/bemet/assets/js/imagesloaded.pkgd.min.js]
[themegenix.net/html/bemet/assets/js/jquery.countdown.min.js]
[themegenix.net/html/bemet/assets/js/jquery.magnific-popup.min.js]
[themegenix.net/html/bemet/assets/js/jquery.odometer.min.js]
[themegenix.net/html/bemet/assets/js/jquery.appear.js]
[themegenix.net/html/bemet/assets/js/tween-max.min.js]
[themegenix.net/html/bemet/assets/js/slick.min.js]
[themegenix.net/html/bemet/assets/js/slick-animation.min.js]
[themegenix.net/html/bemet/assets/js/jquery-ui.min.js]
[themegenix.net/html/bemet/assets/js/ajax-form.js]
[themegenix.net/html/bemet/assets/js/wow.min.js]
[themegenix.net/html/bemet/assets/js/main.js]
[themegenix.net/html/bemet/assets/fonts/fa-brands-400.svg]
[themegenix.net/html/bemet/assets/fonts/fa-regular-400.svg]
[themegenix.net/html/bemet/assets/fonts/fa-solid-900.svg]
[themegenix.net/html/bemet/assets/fonts/flaticon.svg]
[themegenix.net/html/bemet/Version/index.html]
[themegenix.net/html/bemet/Version/index.html]
